ERROR:root:printed hello world to console.
INFO:root:this is informative
ERROR:root:printed hello world to console.
INFO:root:this is informative
ERROR:root:printed hello world to console.
INFO:root:this is informative
ERROR:root:printed hello world to console.
INFO:root:this is informative
ERROR:root:printed hello world to console.
INFO:root:this is informative
ERROR:root:printed hello world to console.
INFO:root:this is informative
ERROR:root:printed hello world to console.
INFO:root:this is informative
ERROR:root:printed hello world to console.
INFO:root:this is informative
ERROR:root:printed hello world to console.
INFO:root:this is informative
ERROR:root:printed hello world to console.
INFO:root:this is informative
ERROR:root:printed hello world to console.
INFO:root:this is informative
ERROR:root:printed hello world to console.
INFO:root:this is informative
ERROR:root:printed hello world to console.
INFO:root:this is informative
ERROR:root:printed hello world to console.
INFO:root:this is informative
ERROR:root:printed hello world to console.
INFO:root:this is informative
ERROR:root:printed hello world to console.
INFO:root:this is informative
ERROR:root:printed hello world to console.
INFO:root:this is informative
ERROR:root:printed hello world to console.
INFO:root:this is informative
ERROR:root:printed hello world to console.
INFO:root:this is informative
ERROR:root:printed hello world to console.
INFO:root:this is informative
ERROR:root:printed hello world to console.
INFO:root:this is informative
ERROR:root:printed hello world to console.
INFO:root:this is informative
ERROR:root:printed hello world to console.
INFO:root:this is informative
ERROR:root:printed hello world to console.
INFO:root:this is informative
ERROR:root:printed hello world to console.
INFO:root:this is informative
